-----------------------
|zone |age|sex|user_id|
-----------------------
|85711|24 |M  |1      |
|94043|53 |F  |2      |
|32067|23 |M  |3      |
|43537|24 |M  |4      |
|15213|33 |F  |5      |
|98101|42 |M  |6      |
|91344|57 |M  |7      |
|05201|36 |M  |8      |
|01002|29 |M  |9      |
|90703|53 |M  |10     |
|30329|39 |F  |11     |
|06405|28 |F  |12     |
|29206|47 |M  |13     |
|55106|45 |M  |14     |
|97301|49 |F  |15     |
|10309|21 |M  |16     |
|06355|30 |M  |17     |
|37212|35 |F  |18     |
|02138|40 |M  |19     |
|95660|42 |F  |20     |
|30068|26 |M  |21     |
|40206|25 |M  |22     |
|48197|30 |F  |23     |
|94533|21 |F  |24     |
|55107|39 |M  |25     |
|21044|49 |M  |26     |
|30030|40 |F  |27     |
|55369|32 |M  |28     |
|94043|41 |M  |29     |
|55436|7  |M  |30     |
|10003|24 |M  |31     |
|78741|28 |F  |32     |
|27510|23 |M  |33     |
|42141|38 |F  |34     |
|42459|20 |F  |35     |
|93117|19 |F  |36     |
|55105|23 |M  |37     |
|54467|28 |F  |38     |
|01040|41 |M  |39     |
|27514|38 |M  |40     |
|80525|33 |M  |41     |
|17870|30 |M  |42     |
|20854|29 |F  |43     |
|46260|26 |M  |44     |
|50233|29 |M  |45     |
|46538|27 |F  |46     |
|07102|53 |M  |47     |
|12550|45 |M  |48     |
|76111|23 |F  |49     |
|52245|21 |M  |50     |
|16509|28 |M  |51     |
|55105|18 |F  |52     |
|55414|26 |M  |53     |
|66315|22 |M  |54     |
|01331|37 |M  |55     |
|46260|25 |M  |56     |
|84010|16 |M  |57     |
|52246|27 |M  |58     |
|08403|49 |M  |59     |
|06472|50 |M  |60     |
|30040|36 |M  |61     |
|97214|27 |F  |62     |
|75240|31 |M  |63     |
|43202|32 |M  |64     |
|48118|51 |F  |65     |
|80521|23 |M  |66     |
|60402|17 |M  |67     |
|22904|19 |M  |68     |
|55337|24 |M  |69     |
|60067|27 |M  |70     |
|98034|39 |M  |71     |
|73034|48 |F  |72     |
|41850|24 |M  |73     |
|T8H1N|39 |M  |74     |
|08816|24 |M  |75     |
|02215|20 |M  |76     |
|29379|30 |M  |77     |
|61801|26 |M  |78     |
|03755|39 |F  |79     |
|52241|34 |F  |80     |
|21218|21 |M  |81     |
|22902|50 |M  |82     |
|44133|40 |M  |83     |
|55369|32 |M  |84     |
|20003|51 |M  |85     |
|46005|26 |M  |86     |
|89503|47 |M  |87     |
|11701|49 |F  |88     |
|68106|43 |F  |89     |
|78155|60 |M  |90     |
|01913|55 |M  |91     |
|80525|32 |M  |92     |
|23112|48 |M  |93     |
|71457|26 |M  |94     |
|10707|31 |M  |95     |
|75206|25 |F  |96     |
|98006|43 |M  |97     |
|90291|49 |F  |98     |
|63129|20 |M  |99     |
|90254|36 |M  |100    |
|05146|15 |M  |101    |
|30220|38 |M  |102    |
|55108|26 |M  |103    |
|55108|27 |M  |104    |
|94043|24 |M  |105    |
|55125|61 |M  |106    |
|60466|39 |M  |107    |
|63130|44 |M  |108    |
|55423|29 |M  |109    |
|77840|19 |M  |110    |
|90630|57 |M  |111    |
|60613|30 |M  |112    |
|95032|47 |M  |113    |
|75013|27 |M  |114    |
|17110|31 |M  |115    |
|97232|40 |M  |116    |
|16125|20 |M  |117    |
|90210|21 |M  |118    |
|67401|32 |M  |119    |
|06260|47 |F  |120    |
|99603|54 |M  |121    |
|22206|32 |F  |122    |
|20008|48 |F  |123    |
|60615|34 |M  |124    |
|22202|30 |M  |125    |
|20015|28 |F  |126    |
|73439|33 |M  |127    |
|20009|24 |F  |128    |
|07039|36 |F  |129    |
|60115|20 |M  |130    |
|15237|59 |F  |131    |
|94612|24 |M  |132    |
|78602|53 |M  |133    |
|80236|31 |M  |134    |
|38401|23 |M  |135    |
|97365|51 |M  |136    |
|84408|50 |M  |137    |
|53211|46 |M  |138    |
|08904|20 |M  |139    |
|32250|30 |F  |140    |
|36117|49 |M  |141    |
|48118|13 |M  |142    |
|08832|42 |M  |143    |
|20910|53 |M  |144    |
|V3N4P|31 |M  |145    |
|83814|45 |M  |146    |
|02143|40 |F  |147    |
|97006|33 |M  |148    |
|17325|35 |F  |149    |
|02139|20 |F  |150    |
|48103|38 |F  |151    |
|68767|33 |F  |152    |
|60641|25 |M  |153    |
|53703|25 |M  |154    |
|11217|32 |F  |155    |
|08360|25 |M  |156    |
|70808|57 |M  |157    |
|27606|50 |M  |158    |
|55346|23 |F  |159    |
|66215|27 |M  |160    |
|55104|50 |M  |161    |
|15610|25 |M  |162    |
|97212|49 |M  |163    |
|80123|47 |M  |164    |
|53715|20 |F  |165    |
|55113|47 |M  |166    |
|L9G2B|37 |M  |167    |
|80127|48 |M  |168    |
|53705|52 |F  |169    |
|30067|53 |F  |170    |
|78750|48 |F  |171    |
|22207|55 |M  |172    |
|22306|56 |M  |173    |
|52302|30 |F  |174    |
|21911|26 |F  |175    |
|07030|28 |M  |176    |
|19104|20 |M  |177    |
|49512|26 |M  |178    |
|20755|15 |M  |179    |
|60202|22 |F  |180    |
|21218|26 |M  |181    |
|33884|36 |M  |182    |
|27708|33 |M  |183    |
|76013|37 |M  |184    |
|97403|53 |F  |185    |
|00000|39 |F  |186    |
|16801|26 |M  |187    |
|29440|42 |M  |188    |
|95014|32 |M  |189    |
|95938|30 |M  |190    |
|95161|33 |M  |191    |
|90840|42 |M  |192    |
|49931|29 |M  |193    |
|02154|38 |M  |194    |
|93555|42 |M  |195    |
|55105|49 |M  |196    |
|75094|55 |M  |197    |
|55414|21 |F  |198    |
|17604|30 |M  |199    |
|93402|40 |M  |200    |
|E2A4H|27 |M  |201    |
|60201|41 |F  |202    |
|32301|25 |F  |203    |
|10960|52 |F  |204    |
|06371|47 |M  |205    |
|53115|14 |F  |206    |
|92037|39 |M  |207    |
|01720|43 |M  |208    |
|85710|33 |F  |209    |
|03060|39 |M  |210    |
|32605|66 |M  |211    |
|61401|49 |F  |212    |
|55345|33 |M  |213    |
|11231|26 |F  |214    |
|63033|35 |M  |215    |
|02215|22 |M  |216    |
|11727|22 |M  |217    |
|06513|37 |M  |218    |
|43212|32 |M  |219    |
|78205|30 |M  |220    |
|20685|19 |M  |221    |
|27502|29 |M  |222    |
|47906|19 |F  |223    |
|43512|31 |F  |224    |
|58202|51 |F  |225    |
|92103|28 |M  |226    |
|60659|46 |M  |227    |
|22003|21 |F  |228    |
|22903|29 |F  |229    |
|14476|28 |F  |230    |
|01080|48 |M  |231    |
|99709|45 |M  |232    |
|98682|38 |M  |233    |
|94702|60 |M  |234    |
|22973|37 |M  |235    |
|53214|44 |F  |236    |
|63146|49 |M  |237    |
|44124|42 |F  |238    |
|95628|39 |M  |239    |
|20784|23 |F  |240    |
|20001|26 |F  |241    |
|31404|33 |M  |242    |
|60201|33 |M  |243    |
|80525|28 |M  |244    |
|55109|22 |M  |245    |
|28734|19 |M  |246    |
|20770|28 |M  |247    |
|37235|25 |M  |248    |
|84103|25 |M  |249    |
|95110|29 |M  |250    |
|85032|28 |M  |251    |
|07733|42 |M  |252    |
|22903|26 |F  |253    |
|42647|44 |M  |254    |
|07029|23 |M  |255    |
|39042|35 |F  |256    |
|77005|17 |M  |257    |
|77801|19 |F  |258    |
|48823|21 |M  |259    |
|89801|40 |F  |260    |
|85202|28 |M  |261    |
|78264|19 |F  |262    |
|55346|41 |M  |263    |
|90064|36 |F  |264    |
|84601|26 |M  |265    |
|78756|62 |F  |266    |
|83716|23 |M  |267    |
|19422|24 |M  |268    |
|43201|31 |F  |269    |
|63119|18 |F  |270    |
|22932|51 |M  |271    |
|53706|33 |M  |272    |
|10016|50 |F  |273    |
|55414|20 |F  |274    |
|92064|38 |M  |275    |
|95064|21 |M  |276    |
|55406|35 |F  |277    |
|30033|37 |F  |278    |
|85251|33 |M  |279    |
|22903|30 |F  |280    |
|06059|15 |F  |281    |
|20057|22 |M  |282    |
|55305|28 |M  |283    |
|92629|40 |M  |284    |
|53713|25 |M  |285    |
|15217|27 |M  |286    |
|31211|21 |M  |287    |
|23226|34 |M  |288    |
|94619|11 |M  |289    |
|93550|40 |M  |290    |
|44106|19 |M  |291    |
|94703|35 |F  |292    |
|60804|24 |M  |293    |
|92110|34 |M  |294    |
|50325|31 |M  |295    |
|16803|43 |F  |296    |
|98103|29 |F  |297    |
|01581|44 |M  |298    |
|63108|29 |M  |299    |
|55106|26 |F  |300    |
|55439|24 |M  |301    |
|77904|42 |M  |302    |
|14853|19 |M  |303    |
|71701|22 |F  |304    |
|94086|23 |M  |305    |
|73132|45 |M  |306    |
|55454|25 |M  |307    |
|95076|60 |M  |308    |
|70802|40 |M  |309    |
|91711|37 |M  |310    |
|73071|32 |M  |311    |
|02110|48 |M  |312    |
|60035|41 |M  |313    |
|08043|20 |F  |314    |
|18301|31 |M  |315    |
|77009|43 |F  |316    |
|13210|22 |M  |317    |
|06518|65 |M  |318    |
|22030|38 |M  |319    |
|24060|19 |M  |320    |
|55413|49 |F  |321    |
|50613|20 |M  |322    |
|19149|21 |M  |323    |
|02176|21 |F  |324    |
|02139|48 |M  |325    |
|15235|41 |M  |326    |
|11101|22 |M  |327    |
|06779|51 |M  |328    |
|01720|48 |M  |329    |
|33884|35 |F  |330    |
|91344|33 |M  |331    |
|40504|20 |M  |332    |
|V0R2M|47 |M  |333    |
|30002|32 |M  |334    |
|33775|45 |M  |335    |
|42101|23 |M  |336    |
|10522|37 |M  |337    |
|59717|39 |F  |338    |
|37901|35 |M  |339    |
|80123|46 |M  |340    |
|44405|17 |F  |341    |
|98006|25 |F  |342    |
|30093|43 |M  |343    |
|94117|30 |F  |344    |
|94143|28 |F  |345    |
|76059|34 |M  |346    |
|90210|18 |M  |347    |
|45660|24 |F  |348    |
|61455|68 |M  |349    |
|97301|32 |M  |350    |
|49938|61 |M  |351    |
|55105|37 |F  |352    |
|28480|25 |M  |353    |
|48197|29 |F  |354    |
|60135|25 |M  |355    |
|92688|32 |F  |356    |
|98133|26 |M  |357    |
|10022|40 |M  |358    |
|61801|22 |M  |359    |
|98027|51 |M  |360    |
|44074|22 |M  |361    |
|85233|35 |F  |362    |
|87501|20 |M  |363    |
|01810|63 |M  |364    |
|20009|29 |M  |365    |
|50670|20 |F  |366    |
|37411|17 |M  |367    |
|92113|18 |M  |368    |
|91335|24 |M  |369    |
|08534|52 |M  |370    |
|99206|36 |M  |371    |
|66046|25 |F  |372    |
|55116|24 |F  |373    |
|78746|36 |M  |374    |
|37777|17 |M  |375    |
|10010|28 |F  |376    |
|18015|22 |M  |377    |
|02859|35 |M  |378    |
|98117|44 |M  |379    |
|55117|32 |M  |380    |
|94608|33 |M  |381    |
|01824|45 |M  |382    |
|75204|42 |M  |383    |
|45218|52 |M  |384    |
|10003|36 |M  |385    |
|43221|36 |M  |386    |
|37412|33 |M  |387    |
|36106|31 |M  |388    |
|83702|44 |F  |389    |
|85016|42 |F  |390    |
|84604|23 |M  |391    |
|59801|52 |M  |392    |
|83686|19 |M  |393    |
|96819|25 |M  |394    |
|44092|43 |M  |395    |
|94551|57 |M  |396    |
|27514|17 |M  |397    |
|60008|40 |M  |398    |
|92374|25 |M  |399    |
|78213|33 |F  |400    |
|84107|46 |F  |401    |
|95129|30 |M  |402    |
|06811|37 |M  |403    |
|55108|29 |F  |404    |
|10019|22 |F  |405    |
|93109|52 |M  |406    |
|03261|29 |M  |407    |
|61755|23 |M  |408    |
|98225|48 |M  |409    |
|94025|30 |F  |410    |
|44691|34 |M  |411    |
|15222|25 |M  |412    |
|78212|55 |M  |413    |
|38115|24 |M  |414    |
|85711|39 |M  |415    |
|92626|20 |F  |416    |
|48103|27 |F  |417    |
|21206|55 |F  |418    |
|43215|37 |M  |419    |
|02140|53 |M  |420    |
|55105|38 |F  |421    |
|94533|26 |M  |422    |
|91606|64 |M  |423    |
|55422|36 |F  |424    |
|58644|19 |M  |425    |
|01602|55 |M  |426    |
|85258|51 |M  |427    |
|55414|28 |M  |428    |
|29205|27 |M  |429    |
|98199|38 |M  |430    |
|92629|24 |M  |431    |
|50311|22 |M  |432    |
|11211|27 |M  |433    |
|49705|16 |F  |434    |
|60007|24 |M  |435    |
|17345|30 |F  |436    |
|20009|27 |F  |437    |
|43204|51 |F  |438    |
|20817|23 |F  |439    |
|48076|30 |M  |440    |
|55013|50 |M  |441    |
|85282|22 |M  |442    |
|33308|35 |M  |443    |
|53202|51 |F  |444    |
|92653|21 |M  |445    |
|60201|57 |M  |446    |
|55113|30 |M  |447    |
|10021|23 |M  |448    |
|55021|23 |M  |449    |
|11758|35 |F  |450    |
|48446|16 |M  |451    |
|28018|35 |M  |452    |
|06333|18 |M  |453    |
|97330|57 |M  |454    |
|83709|48 |M  |455    |
|31820|24 |M  |456    |
|30011|33 |F  |457    |
|Y1A6B|47 |M  |458    |
|29201|22 |M  |459    |
|60630|44 |F  |460    |
|98102|15 |M  |461    |
|02918|19 |F  |462    |
|75218|48 |F  |463    |
|94583|60 |M  |464    |
|05001|32 |M  |465    |
|90804|22 |M  |466    |
|91201|29 |M  |467    |
|02341|28 |M  |468    |
|78628|60 |M  |469    |
|10021|24 |M  |470    |
|77459|10 |M  |471    |
|87544|24 |M  |472    |
|94708|29 |M  |473    |
|93711|51 |M  |474    |
|75230|30 |M  |475    |
|60440|28 |M  |476    |
|02125|23 |F  |477    |
|10019|29 |M  |478    |
|55409|30 |M  |479    |
|98257|57 |M  |480    |
|37771|73 |M  |481    |
|40256|18 |F  |482    |
|43212|29 |M  |483    |
|21208|27 |M  |484    |
|95821|44 |F  |485    |
|93101|39 |M  |486    |
|92121|22 |M  |487    |
|21012|48 |M  |488    |
|45218|55 |M  |489    |
|V5A2B|29 |F  |490    |
|53711|43 |F  |491    |
|94618|57 |M  |492    |
|60090|22 |M  |493    |
|49428|38 |F  |494    |
|03052|29 |M  |495    |
|55414|21 |F  |496    |
|50112|20 |M  |497    |
|55408|26 |M  |498    |
|75006|42 |M  |499    |
|94305|28 |M  |500    |
|10025|22 |M  |501    |
|23092|22 |M  |502    |
|27514|50 |F  |503    |
|92115|40 |F  |504    |
|20657|27 |F  |505    |
|03869|46 |M  |506    |
|28450|18 |F  |507    |
|19382|27 |M  |508    |
|10011|23 |M  |509    |
|98038|34 |M  |510    |
|21250|22 |M  |511    |
|20090|29 |M  |512    |
|26241|43 |M  |513    |
|20707|27 |M  |514    |
|49508|53 |M  |515    |
|10021|53 |F  |516    |
|55454|24 |M  |517    |
|99709|49 |F  |518    |
|55320|22 |M  |519    |
|12603|62 |M  |520    |
|02146|19 |M  |521    |
|55443|36 |M  |522    |
|04102|50 |F  |523    |
|02159|56 |M  |524    |
|19711|27 |F  |525    |
|97124|30 |M  |526    |
|12180|33 |M  |527    |
|55104|18 |M  |528    |
|44224|47 |F  |529    |
|94040|29 |M  |530    |
|97408|30 |F  |531    |
|92705|20 |M  |532    |
|02324|43 |M  |533    |
|05464|20 |M  |534    |
|80302|45 |F  |535    |
|30078|38 |M  |536    |
|22902|36 |M  |537    |
|21010|31 |M  |538    |
|80303|53 |F  |539    |
|91201|28 |M  |540    |
|84302|19 |F  |541    |
|60515|21 |M  |542    |
|95123|33 |M  |543    |
|29464|44 |F  |544    |
|08052|27 |M  |545    |
|22911|36 |M  |546    |
|14534|50 |M  |547    |
|95468|51 |M  |548    |
|45680|42 |M  |549    |
|95453|16 |F  |550    |
|55414|25 |M  |551    |
|68147|45 |M  |552    |
|62901|58 |M  |553    |
|62901|32 |M  |554    |
|23227|29 |F  |555    |
|30606|35 |F  |556    |
|11217|30 |F  |557    |
|63132|56 |F  |558    |
|10022|69 |M  |559    |
|10003|32 |M  |560    |
|60005|23 |M  |561    |
|20879|54 |F  |562    |
|32707|39 |F  |563    |
|94591|65 |M  |564    |
|55422|40 |M  |565    |
|14627|20 |M  |566    |
|10003|24 |M  |567    |
|01915|39 |M  |568    |
|91903|34 |M  |569    |
|14627|26 |M  |570    |
|01945|34 |M  |571    |
|20003|51 |M  |572    |
|48911|68 |M  |573    |
|53188|56 |M  |574    |
|46032|33 |M  |575    |
|98281|48 |M  |576    |
|77845|36 |F  |577    |
|M7A1A|31 |M  |578    |
|48103|32 |M  |579    |
|17961|16 |M  |580    |
|94131|37 |M  |581    |
|93003|17 |M  |582    |
|29631|44 |M  |583    |
|27511|25 |M  |584    |
|98501|69 |M  |585    |
|79508|20 |M  |586    |
|14216|26 |M  |587    |
|93063|18 |F  |588    |
|90034|21 |M  |589    |
|82435|50 |M  |590    |
|92093|57 |F  |591    |
|97520|18 |M  |592    |
|68767|31 |F  |593    |
|M4J2K|46 |M  |594    |
|31909|25 |M  |595    |
|77073|20 |M  |596    |
|84116|23 |M  |597    |
|43085|40 |F  |598    |
|R3T5K|22 |F  |599    |
|02320|34 |M  |600    |
|99687|19 |F  |601    |
|34656|47 |F  |602    |
|47905|21 |M  |603    |
|11787|39 |M  |604    |
|33716|33 |M  |605    |
|63044|28 |M  |606    |
|02154|49 |F  |607    |
|10003|22 |M  |608    |
|55106|13 |F  |609    |
|21227|22 |M  |610    |
|77008|46 |M  |611    |
|79070|36 |M  |612    |
|29678|37 |F  |613    |
|80227|54 |M  |614    |
|27705|38 |M  |615    |
|50613|55 |M  |616    |
|11201|27 |F  |617    |
|44212|15 |F  |618    |
|44134|17 |M  |619    |
|81648|18 |F  |620    |
|60402|17 |M  |621    |
|14850|25 |M  |622    |
|60187|50 |F  |623    |
|30067|19 |M  |624    |
|20723|27 |M  |625    |
|19807|23 |M  |626    |
|08034|24 |M  |627    |
|94306|13 |M  |628    |
|44224|46 |F  |629    |
|55408|26 |F  |630    |
|38866|18 |F  |631    |
|55454|18 |M  |632    |
|55414|35 |M  |633    |
|T8H1N|39 |M  |634    |
|23237|22 |M  |635    |
|48043|47 |M  |636    |
|74101|30 |M  |637    |
|01940|45 |M  |638    |
|12065|42 |F  |639    |
|61801|20 |M  |640    |
|60626|24 |M  |641    |
|95521|18 |F  |642    |
|55122|39 |M  |643    |
|63645|51 |M  |644    |
|53211|27 |M  |645    |
|51250|17 |F  |646    |
|45810|40 |M  |647    |
|91351|43 |M  |648    |
|39762|20 |M  |649    |
|83814|42 |M  |650    |
|02903|65 |M  |651    |
|22911|35 |M  |652    |
|55105|31 |M  |653    |
|78739|27 |F  |654    |
|60657|50 |F  |655    |
|10314|48 |M  |656    |
|78704|26 |F  |657    |
|92626|33 |M  |658    |
|54248|31 |M  |659    |
|77380|26 |M  |660    |
|98121|28 |M  |661    |
|19102|55 |M  |662    |
|19341|26 |M  |663    |
|94115|30 |M  |664    |
|55412|25 |M  |665    |
|61820|44 |M  |666    |
|01970|35 |M  |667    |
|10016|29 |F  |668    |
|20009|37 |M  |669    |
|21114|30 |M  |670    |
|91919|21 |M  |671    |
|90095|54 |F  |672    |
|22906|51 |M  |673    |
|55337|13 |F  |674    |
|28814|34 |M  |675    |
|32712|30 |M  |676    |
|99835|20 |M  |677    |
|61462|50 |M  |678    |
|54302|20 |F  |679    |
|90405|33 |M  |680    |
|97208|44 |F  |681    |
|55128|23 |M  |682    |
|23509|42 |M  |683    |
|55414|28 |M  |684    |
|55409|32 |F  |685    |
|26506|32 |M  |686    |
|27713|31 |F  |687    |
|60476|37 |F  |688    |
|45439|25 |M  |689    |
|63304|35 |M  |690    |
|60089|34 |M  |691    |
|18053|34 |M  |692    |
|85210|43 |F  |693    |
|06365|60 |M  |694    |
|38115|26 |M  |695    |
|94920|55 |M  |696    |
|77042|25 |M  |697    |
|06906|28 |F  |698    |
|96754|44 |M  |699    |
|76309|17 |M  |700    |
|56321|51 |F  |701    |
|89104|37 |M  |702    |
|49512|26 |M  |703    |
|91105|51 |F  |704    |
|54494|21 |F  |705    |
|55454|23 |M  |706    |
|19146|56 |F  |707    |
|96349|26 |F  |708    |
|N4T1A|21 |M  |709    |
|92020|19 |M  |710    |
|15203|22 |F  |711    |
|54901|22 |F  |712    |
|07204|42 |F  |713    |
|55343|26 |M  |714    |
|91206|21 |M  |715    |
|44265|36 |F  |716    |
|84105|24 |M  |717    |
|64118|42 |M  |718    |
|V0R2H|37 |F  |719    |
|16506|49 |F  |720    |
|11238|24 |F  |721    |
|17331|50 |F  |722    |
|94403|26 |M  |723    |
|40243|31 |M  |724    |
|91711|21 |M  |725    |
|80538|25 |F  |726    |
|78741|25 |M  |727    |
|94306|58 |M  |728    |
|56567|19 |M  |729    |
|32114|31 |F  |730    |
|70403|41 |F  |731    |
|98405|28 |F  |732    |
|60630|44 |F  |733    |
|63108|25 |F  |734    |
|85719|29 |F  |735    |
|94618|48 |F  |736    |
|98072|30 |M  |737    |
|95403|35 |M  |738    |
|73162|35 |M  |739    |
|22206|25 |F  |740    |
|63108|25 |M  |741    |
|29210|35 |M  |742    |
|92660|31 |M  |743    |
|47024|35 |M  |744    |
|55113|42 |M  |745    |
|19047|25 |M  |746    |
|93612|19 |M  |747    |
|94720|28 |M  |748    |
|80919|33 |M  |749    |
|32303|28 |M  |750    |
|90034|24 |F  |751    |
|21201|60 |M  |752    |
|91206|56 |M  |753    |
|62901|59 |F  |754    |
|97007|44 |F  |755    |
|90247|30 |F  |756    |
|55104|26 |M  |757    |
|53706|27 |M  |758    |
|68503|20 |F  |759    |
|14211|35 |F  |760    |
|97302|17 |M  |761    |
|95050|32 |M  |762    |
|02113|27 |M  |763    |
|62903|27 |F  |764    |
|33066|31 |M  |765    |
|10960|42 |M  |766    |
|00000|70 |M  |767    |
|12866|29 |M  |768    |
|06927|39 |M  |769    |
|14216|28 |M  |770    |
|15232|26 |M  |771    |
|27105|50 |M  |772    |
|55414|20 |M  |773    |
|80027|30 |M  |774    |
|90036|46 |M  |775    |
|51157|30 |M  |776    |
|01810|63 |M  |777    |
|01960|34 |M  |778    |
|K7L5J|31 |M  |779    |
|94560|49 |M  |780    |
|48825|20 |M  |781    |
|33205|21 |F  |782    |
|77081|30 |M  |783    |
|91040|47 |M  |784    |
|23322|32 |M  |785    |
|01754|36 |F  |786    |
|98620|18 |F  |787    |
|05779|51 |M  |788    |
|55420|29 |M  |789    |
|80913|27 |M  |790    |
|20064|31 |M  |791    |
|12205|40 |M  |792    |
|85281|22 |M  |793    |
|57197|32 |M  |794    |
|08610|30 |M  |795    |
|33755|32 |F  |796    |
|62522|44 |F  |797    |
|64131|40 |F  |798    |
|19716|49 |F  |799    |
|55337|25 |M  |800    |
|92154|22 |M  |801    |
|34105|35 |M  |802    |
|78212|70 |M  |803    |
|61820|39 |M  |804    |
|20009|27 |F  |805    |
|11217|27 |M  |806    |
|93555|41 |F  |807    |
|90016|45 |M  |808    |
|30803|50 |F  |809    |
|80526|55 |F  |810    |
|73013|40 |F  |811    |
|76234|22 |M  |812    |
|02136|14 |F  |813    |
|12345|30 |M  |814    |
|28806|32 |M  |815    |
|20755|34 |M  |816    |
|60152|19 |M  |817    |
|27514|28 |M  |818    |
|40205|59 |M  |819    |
|37725|22 |M  |820    |
|77845|37 |M  |821    |
|53144|29 |F  |822    |
|50322|27 |M  |823    |
|15017|31 |M  |824    |
|05452|44 |M  |825    |
|77048|28 |M  |826    |
|80228|23 |F  |827    |
|85282|28 |M  |828    |
|80209|48 |M  |829    |
|53066|46 |M  |830    |
|33765|21 |M  |831    |
|77042|24 |M  |832    |
|90019|34 |M  |833    |
|64153|26 |M  |834    |
|11577|44 |F  |835    |
|10018|44 |M  |836    |
|55409|36 |F  |837    |
|01375|23 |M  |838    |
|90814|38 |F  |839    |
|55406|39 |M  |840    |
|47401|45 |M  |841    |
|93055|40 |M  |842    |
|44212|35 |M  |843    |
|95662|22 |M  |844    |
|97405|64 |M  |845    |
|47130|27 |M  |846    |
|55417|29 |M  |847    |
|02146|46 |M  |848    |
|25652|15 |F  |849    |
|78390|34 |M  |850    |
|29646|18 |M  |851    |
|94086|46 |M  |852    |
|40515|49 |M  |853    |
|55408|29 |F  |854    |
|04988|53 |M  |855    |
|97215|43 |F  |856    |
|V1G4L|35 |F  |857    |
|09645|63 |M  |858    |
|06492|18 |F  |859    |
|48322|70 |F  |860    |
|14085|38 |F  |861    |
|13820|25 |M  |862    |
|60089|17 |M  |863    |
|63021|27 |M  |864    |
|11231|25 |M  |865    |
|60302|45 |M  |866    |
|92507|24 |M  |867    |
|55303|21 |M  |868    |
|10025|30 |M  |869    |
|65203|22 |M  |870    |
|44648|31 |M  |871    |
|74078|19 |F  |872    |
|33763|48 |F  |873    |
|37076|36 |M  |874    |
|35802|24 |F  |875    |
|20902|41 |M  |876    |
|77504|30 |M  |877    |
|98027|50 |F  |878    |
|55337|33 |F  |879    |
|83702|13 |M  |880    |
|43017|39 |M  |881    |
|40503|35 |M  |882    |
|50266|49 |M  |883    |
|55337|44 |M  |884    |
|95316|30 |F  |885    |
|61820|20 |M  |886    |
|27249|14 |F  |887    |
|17036|41 |M  |888    |
|78704|24 |M  |889    |
|97301|32 |M  |890    |
|03062|51 |F  |891    |
|45243|36 |M  |892    |
|95823|25 |M  |893    |
|74075|47 |M  |894    |
|32301|31 |F  |895    |
|91505|28 |M  |896    |
|33484|30 |M  |897    |
|61755|23 |M  |898    |
|55116|32 |M  |899    |
|18505|60 |M  |900    |
|L1V3W|38 |M  |901    |
|97203|45 |F  |902    |
|20850|28 |M  |903    |
|61073|17 |F  |904    |
|30350|27 |M  |905    |
|70124|45 |M  |906    |
|80526|25 |F  |907    |
|68504|44 |F  |908    |
|53171|50 |F  |909    |
|29301|28 |M  |910    |
|53210|37 |F  |911    |
|06512|51 |M  |912    |
|76201|27 |M  |913    |
|08105|44 |F  |914    |
|60614|50 |M  |915    |
|N2L5N|27 |M  |916    |
|20006|22 |F  |917    |
|70116|40 |M  |918    |
|14216|25 |M  |919    |
|90008|30 |F  |920    |
|98801|20 |F  |921    |
|21114|29 |F  |922    |
|E2E3R|21 |M  |923    |
|11753|29 |M  |924    |
|49036|18 |F  |925    |
|01701|49 |M  |926    |
|55428|23 |M  |927    |
|55408|21 |M  |928    |
|53711|44 |M  |929    |
|07310|28 |F  |930    |
|33556|60 |M  |931    |
|06437|58 |M  |932    |
|48105|28 |M  |933    |
|22902|61 |M  |934    |
|66221|42 |M  |935    |
|32789|24 |M  |936    |
|98072|48 |M  |937    |
|55038|38 |F  |938    |
|33319|26 |F  |939    |
|02215|32 |M  |940    |
|97229|20 |M  |941    |
|78209|48 |F  |942    |
|77841|22 |M  |943    |
-----------------------

