-------------------
|user_id|zone |age|
-------------------
|1      |85711|24 |
|2      |94043|53 |
|3      |32067|23 |
|4      |43537|24 |
|5      |15213|33 |
|6      |98101|42 |
|7      |91344|57 |
|8      |05201|36 |
|9      |01002|29 |
|10     |90703|53 |
|11     |30329|39 |
|12     |06405|28 |
|13     |29206|47 |
|14     |55106|45 |
|15     |97301|49 |
|16     |10309|21 |
|17     |06355|30 |
|18     |37212|35 |
|19     |02138|40 |
|20     |95660|42 |
|21     |30068|26 |
|22     |40206|25 |
|23     |48197|30 |
|24     |94533|21 |
|25     |55107|39 |
|26     |21044|49 |
|27     |30030|40 |
|28     |55369|32 |
|29     |94043|41 |
|30     |55436|7  |
|31     |10003|24 |
|32     |78741|28 |
|33     |27510|23 |
|34     |42141|38 |
|35     |42459|20 |
|36     |93117|19 |
|37     |55105|23 |
|38     |54467|28 |
|39     |01040|41 |
|40     |27514|38 |
|41     |80525|33 |
|42     |17870|30 |
|43     |20854|29 |
|44     |46260|26 |
|45     |50233|29 |
|46     |46538|27 |
|47     |07102|53 |
|48     |12550|45 |
|49     |76111|23 |
|50     |52245|21 |
|51     |16509|28 |
|52     |55105|18 |
|53     |55414|26 |
|54     |66315|22 |
|55     |01331|37 |
|56     |46260|25 |
|57     |84010|16 |
|58     |52246|27 |
|59     |08403|49 |
|60     |06472|50 |
|61     |30040|36 |
|62     |97214|27 |
|63     |75240|31 |
|64     |43202|32 |
|65     |48118|51 |
|66     |80521|23 |
|67     |60402|17 |
|68     |22904|19 |
|69     |55337|24 |
|70     |60067|27 |
|71     |98034|39 |
|72     |73034|48 |
|73     |41850|24 |
|74     |T8H1N|39 |
|75     |08816|24 |
|76     |02215|20 |
|77     |29379|30 |
|78     |61801|26 |
|79     |03755|39 |
|80     |52241|34 |
|81     |21218|21 |
|82     |22902|50 |
|83     |44133|40 |
|84     |55369|32 |
|85     |20003|51 |
|86     |46005|26 |
|87     |89503|47 |
|88     |11701|49 |
|89     |68106|43 |
|90     |78155|60 |
|91     |01913|55 |
|92     |80525|32 |
|93     |23112|48 |
|94     |71457|26 |
|95     |10707|31 |
|96     |75206|25 |
|97     |98006|43 |
|98     |90291|49 |
|99     |63129|20 |
|100    |90254|36 |
|101    |05146|15 |
|102    |30220|38 |
|103    |55108|26 |
|104    |55108|27 |
|105    |94043|24 |
|106    |55125|61 |
|107    |60466|39 |
|108    |63130|44 |
|109    |55423|29 |
|110    |77840|19 |
|111    |90630|57 |
|112    |60613|30 |
|113    |95032|47 |
|114    |75013|27 |
|115    |17110|31 |
|116    |97232|40 |
|117    |16125|20 |
|118    |90210|21 |
|119    |67401|32 |
|120    |06260|47 |
|121    |99603|54 |
|122    |22206|32 |
|123    |20008|48 |
|124    |60615|34 |
|125    |22202|30 |
|126    |20015|28 |
|127    |73439|33 |
|128    |20009|24 |
|129    |07039|36 |
|130    |60115|20 |
|131    |15237|59 |
|132    |94612|24 |
|133    |78602|53 |
|134    |80236|31 |
|135    |38401|23 |
|136    |97365|51 |
|137    |84408|50 |
|138    |53211|46 |
|139    |08904|20 |
|140    |32250|30 |
|141    |36117|49 |
|142    |48118|13 |
|143    |08832|42 |
|144    |20910|53 |
|145    |V3N4P|31 |
|146    |83814|45 |
|147    |02143|40 |
|148    |97006|33 |
|149    |17325|35 |
|150    |02139|20 |
|151    |48103|38 |
|152    |68767|33 |
|153    |60641|25 |
|154    |53703|25 |
|155    |11217|32 |
|156    |08360|25 |
|157    |70808|57 |
|158    |27606|50 |
|159    |55346|23 |
|160    |66215|27 |
|161    |55104|50 |
|162    |15610|25 |
|163    |97212|49 |
|164    |80123|47 |
|165    |53715|20 |
|166    |55113|47 |
|167    |L9G2B|37 |
|168    |80127|48 |
|169    |53705|52 |
|170    |30067|53 |
|171    |78750|48 |
|172    |22207|55 |
|173    |22306|56 |
|174    |52302|30 |
|175    |21911|26 |
|176    |07030|28 |
|177    |19104|20 |
|178    |49512|26 |
|179    |20755|15 |
|180    |60202|22 |
|181    |21218|26 |
|182    |33884|36 |
|183    |27708|33 |
|184    |76013|37 |
|185    |97403|53 |
|186    |00000|39 |
|187    |16801|26 |
|188    |29440|42 |
|189    |95014|32 |
|190    |95938|30 |
|191    |95161|33 |
|192    |90840|42 |
|193    |49931|29 |
|194    |02154|38 |
|195    |93555|42 |
|196    |55105|49 |
|197    |75094|55 |
|198    |55414|21 |
|199    |17604|30 |
|200    |93402|40 |
|201    |E2A4H|27 |
|202    |60201|41 |
|203    |32301|25 |
|204    |10960|52 |
|205    |06371|47 |
|206    |53115|14 |
|207    |92037|39 |
|208    |01720|43 |
|209    |85710|33 |
|210    |03060|39 |
|211    |32605|66 |
|212    |61401|49 |
|213    |55345|33 |
|214    |11231|26 |
|215    |63033|35 |
|216    |02215|22 |
|217    |11727|22 |
|218    |06513|37 |
|219    |43212|32 |
|220    |78205|30 |
|221    |20685|19 |
|222    |27502|29 |
|223    |47906|19 |
|224    |43512|31 |
|225    |58202|51 |
|226    |92103|28 |
|227    |60659|46 |
|228    |22003|21 |
|229    |22903|29 |
|230    |14476|28 |
|231    |01080|48 |
|232    |99709|45 |
|233    |98682|38 |
|234    |94702|60 |
|235    |22973|37 |
|236    |53214|44 |
|237    |63146|49 |
|238    |44124|42 |
|239    |95628|39 |
|240    |20784|23 |
|241    |20001|26 |
|242    |31404|33 |
|243    |60201|33 |
|244    |80525|28 |
|245    |55109|22 |
|246    |28734|19 |
|247    |20770|28 |
|248    |37235|25 |
|249    |84103|25 |
|250    |95110|29 |
|251    |85032|28 |
|252    |07733|42 |
|253    |22903|26 |
|254    |42647|44 |
|255    |07029|23 |
|256    |39042|35 |
|257    |77005|17 |
|258    |77801|19 |
|259    |48823|21 |
|260    |89801|40 |
|261    |85202|28 |
|262    |78264|19 |
|263    |55346|41 |
|264    |90064|36 |
|265    |84601|26 |
|266    |78756|62 |
|267    |83716|23 |
|268    |19422|24 |
|269    |43201|31 |
|270    |63119|18 |
|271    |22932|51 |
|272    |53706|33 |
|273    |10016|50 |
|274    |55414|20 |
|275    |92064|38 |
|276    |95064|21 |
|277    |55406|35 |
|278    |30033|37 |
|279    |85251|33 |
|280    |22903|30 |
|281    |06059|15 |
|282    |20057|22 |
|283    |55305|28 |
|284    |92629|40 |
|285    |53713|25 |
|286    |15217|27 |
|287    |31211|21 |
|288    |23226|34 |
|289    |94619|11 |
|290    |93550|40 |
|291    |44106|19 |
|292    |94703|35 |
|293    |60804|24 |
|294    |92110|34 |
|295    |50325|31 |
|296    |16803|43 |
|297    |98103|29 |
|298    |01581|44 |
|299    |63108|29 |
|300    |55106|26 |
|301    |55439|24 |
|302    |77904|42 |
|303    |14853|19 |
|304    |71701|22 |
|305    |94086|23 |
|306    |73132|45 |
|307    |55454|25 |
|308    |95076|60 |
|309    |70802|40 |
|310    |91711|37 |
|311    |73071|32 |
|312    |02110|48 |
|313    |60035|41 |
|314    |08043|20 |
|315    |18301|31 |
|316    |77009|43 |
|317    |13210|22 |
|318    |06518|65 |
|319    |22030|38 |
|320    |24060|19 |
|321    |55413|49 |
|322    |50613|20 |
|323    |19149|21 |
|324    |02176|21 |
|325    |02139|48 |
|326    |15235|41 |
|327    |11101|22 |
|328    |06779|51 |
|329    |01720|48 |
|330    |33884|35 |
|331    |91344|33 |
|332    |40504|20 |
|333    |V0R2M|47 |
|334    |30002|32 |
|335    |33775|45 |
|336    |42101|23 |
|337    |10522|37 |
|338    |59717|39 |
|339    |37901|35 |
|340    |80123|46 |
|341    |44405|17 |
|342    |98006|25 |
|343    |30093|43 |
|344    |94117|30 |
|345    |94143|28 |
|346    |76059|34 |
|347    |90210|18 |
|348    |45660|24 |
|349    |61455|68 |
|350    |97301|32 |
|351    |49938|61 |
|352    |55105|37 |
|353    |28480|25 |
|354    |48197|29 |
|355    |60135|25 |
|356    |92688|32 |
|357    |98133|26 |
|358    |10022|40 |
|359    |61801|22 |
|360    |98027|51 |
|361    |44074|22 |
|362    |85233|35 |
|363    |87501|20 |
|364    |01810|63 |
|365    |20009|29 |
|366    |50670|20 |
|367    |37411|17 |
|368    |92113|18 |
|369    |91335|24 |
|370    |08534|52 |
|371    |99206|36 |
|372    |66046|25 |
|373    |55116|24 |
|374    |78746|36 |
|375    |37777|17 |
|376    |10010|28 |
|377    |18015|22 |
|378    |02859|35 |
|379    |98117|44 |
|380    |55117|32 |
|381    |94608|33 |
|382    |01824|45 |
|383    |75204|42 |
|384    |45218|52 |
|385    |10003|36 |
|386    |43221|36 |
|387    |37412|33 |
|388    |36106|31 |
|389    |83702|44 |
|390    |85016|42 |
|391    |84604|23 |
|392    |59801|52 |
|393    |83686|19 |
|394    |96819|25 |
|395    |44092|43 |
|396    |94551|57 |
|397    |27514|17 |
|398    |60008|40 |
|399    |92374|25 |
|400    |78213|33 |
|401    |84107|46 |
|402    |95129|30 |
|403    |06811|37 |
|404    |55108|29 |
|405    |10019|22 |
|406    |93109|52 |
|407    |03261|29 |
|408    |61755|23 |
|409    |98225|48 |
|410    |94025|30 |
|411    |44691|34 |
|412    |15222|25 |
|413    |78212|55 |
|414    |38115|24 |
|415    |85711|39 |
|416    |92626|20 |
|417    |48103|27 |
|418    |21206|55 |
|419    |43215|37 |
|420    |02140|53 |
|421    |55105|38 |
|422    |94533|26 |
|423    |91606|64 |
|424    |55422|36 |
|425    |58644|19 |
|426    |01602|55 |
|427    |85258|51 |
|428    |55414|28 |
|429    |29205|27 |
|430    |98199|38 |
|431    |92629|24 |
|432    |50311|22 |
|433    |11211|27 |
|434    |49705|16 |
|435    |60007|24 |
|436    |17345|30 |
|437    |20009|27 |
|438    |43204|51 |
|439    |20817|23 |
|440    |48076|30 |
|441    |55013|50 |
|442    |85282|22 |
|443    |33308|35 |
|444    |53202|51 |
|445    |92653|21 |
|446    |60201|57 |
|447    |55113|30 |
|448    |10021|23 |
|449    |55021|23 |
|450    |11758|35 |
|451    |48446|16 |
|452    |28018|35 |
|453    |06333|18 |
|454    |97330|57 |
|455    |83709|48 |
|456    |31820|24 |
|457    |30011|33 |
|458    |Y1A6B|47 |
|459    |29201|22 |
|460    |60630|44 |
|461    |98102|15 |
|462    |02918|19 |
|463    |75218|48 |
|464    |94583|60 |
|465    |05001|32 |
|466    |90804|22 |
|467    |91201|29 |
|468    |02341|28 |
|469    |78628|60 |
|470    |10021|24 |
|471    |77459|10 |
|472    |87544|24 |
|473    |94708|29 |
|474    |93711|51 |
|475    |75230|30 |
|476    |60440|28 |
|477    |02125|23 |
|478    |10019|29 |
|479    |55409|30 |
|480    |98257|57 |
|481    |37771|73 |
|482    |40256|18 |
|483    |43212|29 |
|484    |21208|27 |
|485    |95821|44 |
|486    |93101|39 |
|487    |92121|22 |
|488    |21012|48 |
|489    |45218|55 |
|490    |V5A2B|29 |
|491    |53711|43 |
|492    |94618|57 |
|493    |60090|22 |
|494    |49428|38 |
|495    |03052|29 |
|496    |55414|21 |
|497    |50112|20 |
|498    |55408|26 |
|499    |75006|42 |
|500    |94305|28 |
|501    |10025|22 |
|502    |23092|22 |
|503    |27514|50 |
|504    |92115|40 |
|505    |20657|27 |
|506    |03869|46 |
|507    |28450|18 |
|508    |19382|27 |
|509    |10011|23 |
|510    |98038|34 |
|511    |21250|22 |
|512    |20090|29 |
|513    |26241|43 |
|514    |20707|27 |
|515    |49508|53 |
|516    |10021|53 |
|517    |55454|24 |
|518    |99709|49 |
|519    |55320|22 |
|520    |12603|62 |
|521    |02146|19 |
|522    |55443|36 |
|523    |04102|50 |
|524    |02159|56 |
|525    |19711|27 |
|526    |97124|30 |
|527    |12180|33 |
|528    |55104|18 |
|529    |44224|47 |
|530    |94040|29 |
|531    |97408|30 |
|532    |92705|20 |
|533    |02324|43 |
|534    |05464|20 |
|535    |80302|45 |
|536    |30078|38 |
|537    |22902|36 |
|538    |21010|31 |
|539    |80303|53 |
|540    |91201|28 |
|541    |84302|19 |
|542    |60515|21 |
|543    |95123|33 |
|544    |29464|44 |
|545    |08052|27 |
|546    |22911|36 |
|547    |14534|50 |
|548    |95468|51 |
|549    |45680|42 |
|550    |95453|16 |
|551    |55414|25 |
|552    |68147|45 |
|553    |62901|58 |
|554    |62901|32 |
|555    |23227|29 |
|556    |30606|35 |
|557    |11217|30 |
|558    |63132|56 |
|559    |10022|69 |
|560    |10003|32 |
|561    |60005|23 |
|562    |20879|54 |
|563    |32707|39 |
|564    |94591|65 |
|565    |55422|40 |
|566    |14627|20 |
|567    |10003|24 |
|568    |01915|39 |
|569    |91903|34 |
|570    |14627|26 |
|571    |01945|34 |
|572    |20003|51 |
|573    |48911|68 |
|574    |53188|56 |
|575    |46032|33 |
|576    |98281|48 |
|577    |77845|36 |
|578    |M7A1A|31 |
|579    |48103|32 |
|580    |17961|16 |
|581    |94131|37 |
|582    |93003|17 |
|583    |29631|44 |
|584    |27511|25 |
|585    |98501|69 |
|586    |79508|20 |
|587    |14216|26 |
|588    |93063|18 |
|589    |90034|21 |
|590    |82435|50 |
|591    |92093|57 |
|592    |97520|18 |
|593    |68767|31 |
|594    |M4J2K|46 |
|595    |31909|25 |
|596    |77073|20 |
|597    |84116|23 |
|598    |43085|40 |
|599    |R3T5K|22 |
|600    |02320|34 |
|601    |99687|19 |
|602    |34656|47 |
|603    |47905|21 |
|604    |11787|39 |
|605    |33716|33 |
|606    |63044|28 |
|607    |02154|49 |
|608    |10003|22 |
|609    |55106|13 |
|610    |21227|22 |
|611    |77008|46 |
|612    |79070|36 |
|613    |29678|37 |
|614    |80227|54 |
|615    |27705|38 |
|616    |50613|55 |
|617    |11201|27 |
|618    |44212|15 |
|619    |44134|17 |
|620    |81648|18 |
|621    |60402|17 |
|622    |14850|25 |
|623    |60187|50 |
|624    |30067|19 |
|625    |20723|27 |
|626    |19807|23 |
|627    |08034|24 |
|628    |94306|13 |
|629    |44224|46 |
|630    |55408|26 |
|631    |38866|18 |
|632    |55454|18 |
|633    |55414|35 |
|634    |T8H1N|39 |
|635    |23237|22 |
|636    |48043|47 |
|637    |74101|30 |
|638    |01940|45 |
|639    |12065|42 |
|640    |61801|20 |
|641    |60626|24 |
|642    |95521|18 |
|643    |55122|39 |
|644    |63645|51 |
|645    |53211|27 |
|646    |51250|17 |
|647    |45810|40 |
|648    |91351|43 |
|649    |39762|20 |
|650    |83814|42 |
|651    |02903|65 |
|652    |22911|35 |
|653    |55105|31 |
|654    |78739|27 |
|655    |60657|50 |
|656    |10314|48 |
|657    |78704|26 |
|658    |92626|33 |
|659    |54248|31 |
|660    |77380|26 |
|661    |98121|28 |
|662    |19102|55 |
|663    |19341|26 |
|664    |94115|30 |
|665    |55412|25 |
|666    |61820|44 |
|667    |01970|35 |
|668    |10016|29 |
|669    |20009|37 |
|670    |21114|30 |
|671    |91919|21 |
|672    |90095|54 |
|673    |22906|51 |
|674    |55337|13 |
|675    |28814|34 |
|676    |32712|30 |
|677    |99835|20 |
|678    |61462|50 |
|679    |54302|20 |
|680    |90405|33 |
|681    |97208|44 |
|682    |55128|23 |
|683    |23509|42 |
|684    |55414|28 |
|685    |55409|32 |
|686    |26506|32 |
|687    |27713|31 |
|688    |60476|37 |
|689    |45439|25 |
|690    |63304|35 |
|691    |60089|34 |
|692    |18053|34 |
|693    |85210|43 |
|694    |06365|60 |
|695    |38115|26 |
|696    |94920|55 |
|697    |77042|25 |
|698    |06906|28 |
|699    |96754|44 |
|700    |76309|17 |
|701    |56321|51 |
|702    |89104|37 |
|703    |49512|26 |
|704    |91105|51 |
|705    |54494|21 |
|706    |55454|23 |
|707    |19146|56 |
|708    |96349|26 |
|709    |N4T1A|21 |
|710    |92020|19 |
|711    |15203|22 |
|712    |54901|22 |
|713    |07204|42 |
|714    |55343|26 |
|715    |91206|21 |
|716    |44265|36 |
|717    |84105|24 |
|718    |64118|42 |
|719    |V0R2H|37 |
|720    |16506|49 |
|721    |11238|24 |
|722    |17331|50 |
|723    |94403|26 |
|724    |40243|31 |
|725    |91711|21 |
|726    |80538|25 |
|727    |78741|25 |
|728    |94306|58 |
|729    |56567|19 |
|730    |32114|31 |
|731    |70403|41 |
|732    |98405|28 |
|733    |60630|44 |
|734    |63108|25 |
|735    |85719|29 |
|736    |94618|48 |
|737    |98072|30 |
|738    |95403|35 |
|739    |73162|35 |
|740    |22206|25 |
|741    |63108|25 |
|742    |29210|35 |
|743    |92660|31 |
|744    |47024|35 |
|745    |55113|42 |
|746    |19047|25 |
|747    |93612|19 |
|748    |94720|28 |
|749    |80919|33 |
|750    |32303|28 |
|751    |90034|24 |
|752    |21201|60 |
|753    |91206|56 |
|754    |62901|59 |
|755    |97007|44 |
|756    |90247|30 |
|757    |55104|26 |
|758    |53706|27 |
|759    |68503|20 |
|760    |14211|35 |
|761    |97302|17 |
|762    |95050|32 |
|763    |02113|27 |
|764    |62903|27 |
|765    |33066|31 |
|766    |10960|42 |
|767    |00000|70 |
|768    |12866|29 |
|769    |06927|39 |
|770    |14216|28 |
|771    |15232|26 |
|772    |27105|50 |
|773    |55414|20 |
|774    |80027|30 |
|775    |90036|46 |
|776    |51157|30 |
|777    |01810|63 |
|778    |01960|34 |
|779    |K7L5J|31 |
|780    |94560|49 |
|781    |48825|20 |
|782    |33205|21 |
|783    |77081|30 |
|784    |91040|47 |
|785    |23322|32 |
|786    |01754|36 |
|787    |98620|18 |
|788    |05779|51 |
|789    |55420|29 |
|790    |80913|27 |
|791    |20064|31 |
|792    |12205|40 |
|793    |85281|22 |
|794    |57197|32 |
|795    |08610|30 |
|796    |33755|32 |
|797    |62522|44 |
|798    |64131|40 |
|799    |19716|49 |
|800    |55337|25 |
|801    |92154|22 |
|802    |34105|35 |
|803    |78212|70 |
|804    |61820|39 |
|805    |20009|27 |
|806    |11217|27 |
|807    |93555|41 |
|808    |90016|45 |
|809    |30803|50 |
|810    |80526|55 |
|811    |73013|40 |
|812    |76234|22 |
|813    |02136|14 |
|814    |12345|30 |
|815    |28806|32 |
|816    |20755|34 |
|817    |60152|19 |
|818    |27514|28 |
|819    |40205|59 |
|820    |37725|22 |
|821    |77845|37 |
|822    |53144|29 |
|823    |50322|27 |
|824    |15017|31 |
|825    |05452|44 |
|826    |77048|28 |
|827    |80228|23 |
|828    |85282|28 |
|829    |80209|48 |
|830    |53066|46 |
|831    |33765|21 |
|832    |77042|24 |
|833    |90019|34 |
|834    |64153|26 |
|835    |11577|44 |
|836    |10018|44 |
|837    |55409|36 |
|838    |01375|23 |
|839    |90814|38 |
|840    |55406|39 |
|841    |47401|45 |
|842    |93055|40 |
|843    |44212|35 |
|844    |95662|22 |
|845    |97405|64 |
|846    |47130|27 |
|847    |55417|29 |
|848    |02146|46 |
|849    |25652|15 |
|850    |78390|34 |
|851    |29646|18 |
|852    |94086|46 |
|853    |40515|49 |
|854    |55408|29 |
|855    |04988|53 |
|856    |97215|43 |
|857    |V1G4L|35 |
|858    |09645|63 |
|859    |06492|18 |
|860    |48322|70 |
|861    |14085|38 |
|862    |13820|25 |
|863    |60089|17 |
|864    |63021|27 |
|865    |11231|25 |
|866    |60302|45 |
|867    |92507|24 |
|868    |55303|21 |
|869    |10025|30 |
|870    |65203|22 |
|871    |44648|31 |
|872    |74078|19 |
|873    |33763|48 |
|874    |37076|36 |
|875    |35802|24 |
|876    |20902|41 |
|877    |77504|30 |
|878    |98027|50 |
|879    |55337|33 |
|880    |83702|13 |
|881    |43017|39 |
|882    |40503|35 |
|883    |50266|49 |
|884    |55337|44 |
|885    |95316|30 |
|886    |61820|20 |
|887    |27249|14 |
|888    |17036|41 |
|889    |78704|24 |
|890    |97301|32 |
|891    |03062|51 |
|892    |45243|36 |
|893    |95823|25 |
|894    |74075|47 |
|895    |32301|31 |
|896    |91505|28 |
|897    |33484|30 |
|898    |61755|23 |
|899    |55116|32 |
|900    |18505|60 |
|901    |L1V3W|38 |
|902    |97203|45 |
|903    |20850|28 |
|904    |61073|17 |
|905    |30350|27 |
|906    |70124|45 |
|907    |80526|25 |
|908    |68504|44 |
|909    |53171|50 |
|910    |29301|28 |
|911    |53210|37 |
|912    |06512|51 |
|913    |76201|27 |
|914    |08105|44 |
|915    |60614|50 |
|916    |N2L5N|27 |
|917    |20006|22 |
|918    |70116|40 |
|919    |14216|25 |
|920    |90008|30 |
|921    |98801|20 |
|922    |21114|29 |
|923    |E2E3R|21 |
|924    |11753|29 |
|925    |49036|18 |
|926    |01701|49 |
|927    |55428|23 |
|928    |55408|21 |
|929    |53711|44 |
|930    |07310|28 |
|931    |33556|60 |
|932    |06437|58 |
|933    |48105|28 |
|934    |22902|61 |
|935    |66221|42 |
|936    |32789|24 |
|937    |98072|48 |
|938    |55038|38 |
|939    |33319|26 |
|940    |02215|32 |
|941    |97229|20 |
|942    |78209|48 |
|943    |77841|22 |
-------------------

