----------------
|rating|user_id|
----------------
|3     |196    |
|3     |186    |
|1     |22     |
|2     |244    |
|1     |166    |
|4     |298    |
|2     |115    |
|5     |253    |
|3     |305    |
|3     |6      |
|2     |62     |
|5     |286    |
|5     |200    |
|3     |210    |
|3     |224    |
----------------

