-------------
|user_id|age|
-------------
|6      |42 |
|54     |22 |
|84     |32 |
|93     |48 |
|98     |49 |
|100    |36 |
|113    |47 |
|181    |26 |
|186    |39 |
|213    |33 |
|227    |46 |
|250    |29 |
|265    |26 |
|284    |40 |
|298    |44 |
|335    |45 |
|357    |26 |
|374    |36 |
|474    |51 |
|546    |36 |
|559    |69 |
|576    |48 |
|653    |31 |
|723    |26 |
|724    |31 |
|728    |58 |
|769    |39 |
|775    |46 |
|835    |44 |
|862    |25 |
|871    |31 |
|901    |38 |
-------------

