--------------------
|user_id|occupation|
--------------------
|695    |writer    |
--------------------

