---------
|user_id|
---------
|5      |
|11     |
|14     |
---------

