main: Query.hs:(177,1)-(184,62): Non-exhaustive patterns in function eval

